d:\studium\term4\project\repo\fri-cpp\build\examples\debug\libfriclient.pdb
d:\studium\term4\project\repo\fri-cpp\build\examples\libfriclient\debug\crc32.obj
d:\studium\term4\project\repo\fri-cpp\build\examples\libfriclient\debug\frimonitoringmessagedecoder.obj
d:\studium\term4\project\repo\fri-cpp\build\examples\libfriclient\debug\fricommandmessageencoder.obj
d:\studium\term4\project\repo\fri-cpp\build\examples\libfriclient\debug\friudpconnection.obj
d:\studium\term4\project\repo\fri-cpp\build\examples\libfriclient\debug\fritransformationclient.obj
d:\studium\term4\project\repo\fri-cpp\build\examples\libfriclient\debug\fridatahelper.obj
d:\studium\term4\project\repo\fri-cpp\build\examples\libfriclient\debug\friclientapplication.obj
d:\studium\term4\project\repo\fri-cpp\build\examples\libfriclient\debug\frilbrstate.obj
d:\studium\term4\project\repo\fri-cpp\build\examples\libfriclient\debug\frilbrcommand.obj
d:\studium\term4\project\repo\fri-cpp\build\examples\libfriclient\debug\frilbrclient.obj
d:\studium\term4\project\repo\fri-cpp\build\examples\libfriclient\debug\frimessages.pb.obj
d:\studium\term4\project\repo\fri-cpp\build\examples\libfriclient\debug\pb_frimessages_callbacks.obj
d:\studium\term4\project\repo\fri-cpp\build\examples\libfriclient\debug\pb_encode.obj
d:\studium\term4\project\repo\fri-cpp\build\examples\libfriclient\debug\pb_decode.obj
d:\studium\term4\project\repo\fri-cpp\build\examples\debug\libfriclient.lib
d:\studium\term4\project\repo\fri-cpp\build\examples\libfriclient\debug\libfriclient.tlog\cl.command.1.tlog
d:\studium\term4\project\repo\fri-cpp\build\examples\libfriclient\debug\libfriclient.tlog\cl.items.tlog
d:\studium\term4\project\repo\fri-cpp\build\examples\libfriclient\debug\libfriclient.tlog\cl.read.1.tlog
d:\studium\term4\project\repo\fri-cpp\build\examples\libfriclient\debug\libfriclient.tlog\cl.write.1.tlog
d:\studium\term4\project\repo\fri-cpp\build\examples\libfriclient\debug\libfriclient.tlog\lib-link.write.1.tlog
d:\studium\term4\project\repo\fri-cpp\build\examples\libfriclient\debug\libfriclient.tlog\lib.command.1.tlog
d:\studium\term4\project\repo\fri-cpp\build\examples\libfriclient\debug\libfriclient.tlog\lib.read.1.tlog
